
> milodikfx-frontend@0.8.0 test
> vitest


[7m[1m[34m DEV [39m[22m[27m [34mv0.34.6[39m [90mD:/Projects/MilodikFX/frontend[39m

 [33mÔØ»[39m src/components/__tests__/Dropdown.test.tsx [2m ([22m[2m6 tests[22m [2m|[22m [31m6 failed[39m[2m)[22m[90m 201[2mms[22m[39m
[31m   [33mÔØ»[31m src/components/__tests__/Dropdown.test.tsx[2m > [22mDropdown[2m > [22mrenders with placeholder[39m
[31m     ÔåÆ Unable to find an element with the placeholder text of: Select an option

Ignored nodes: comments, script, style
[36m<body>[31m
  [36m<div>[31m
    [36m<div[31m
      [33mclass[31m=[32m"relative w-full"[31m
    [36m>[31m
      [36m<button[31m
        [33mclass[31m=[32m"
          w-full px-4 py-2 text-left bg-gray-100 dark:bg-gray-700
          text-gray-900 dark:text-white rounded-md border border-gray-300
          dark:border-gray-600 transition-colors duration-200
          hover:bg-gray-200 dark:hover:bg-gray-600
          flex justify-between items-center
        "[31m
      [36m>[31m
        [36m<span>[31m
          [0mSelect an option[0m
        [36m</span>[31m
        [36m<svg[31m
          [33mclass[31m=[32m"w-4 h-4 transition-transform "[31m
          [33mfill[31m=[32m"none"[31m
          [33mstroke[31m=[32m"currentColor"[31m
          [33mviewBox[31m=[32m"0 0 24 24"[31m
        [36m>[31m
          [36m<path[31m
            [33md[31m=[32m"M19 14l-7 7m0 0l-7-7m7 7V3"[31m
            [33mstroke-linecap[31m=[32m"round"[31m
            [33mstroke-linejoin[31m=[32m"round"[31m
            [33mstroke-width[31m=[32m"2"[31m
          [36m/>[31m
        [36m</svg>[31m
      [36m</button>[31m
    [36m</div>[31m
  [36m</div>[31m
[36m</body>[31m[39m
[31m   [33mÔØ»[31m src/components/__tests__/Dropdown.test.tsx[2m > [22mDropdown[2m > [22mopens dropdown on click[39m
[31m     ÔåÆ Unable to find an element with the placeholder text of: Select

Ignored nodes: comments, script, style
[36m<body>[31m
  [36m<div>[31m
    [36m<div[31m
      [33mclass[31m=[32m"relative w-full"[31m
    [36m>[31m
      [36m<button[31m
        [33mclass[31m=[32m"
          w-full px-4 py-2 text-left bg-gray-100 dark:bg-gray-700
          text-gray-900 dark:text-white rounded-md border border-gray-300
          dark:border-gray-600 transition-colors duration-200
          hover:bg-gray-200 dark:hover:bg-gray-600
          flex justify-between items-center
        "[31m
      [36m>[31m
        [36m<span>[31m
          [0mSelect[0m
        [36m</span>[31m
        [36m<svg[31m
          [33mclass[31m=[32m"w-4 h-4 transition-transform "[31m
          [33mfill[31m=[32m"none"[31m
          [33mstroke[31m=[32m"currentColor"[31m
          [33mviewBox[31m=[32m"0 0 24 24"[31m
        [36m>[31m
          [36m<path[31m
            [33md[31m=[32m"M19 14l-7 7m0 0l-7-7m7 7V3"[31m
            [33mstroke-linecap[31m=[32m"round"[31m
            [33mstroke-linejoin[31m=[32m"round"[31m
            [33mstroke-width[31m=[32m"2"[31m
          [36m/>[31m
        [36m</svg>[31m
      [36m</button>[31m
    [36m</div>[31m
  [36m</div>[31m
[36m</body>[31m[39m
[31m   [33mÔØ»[31m src/components/__tests__/Dropdown.test.tsx[2m > [22mDropdown[2m > [22mcalls onChange with selected value[39m
[31m     ÔåÆ Unable to find an element with the placeholder text of: Select

Ignored nodes: comments, script, style
[36m<body>[31m
  [36m<div>[31m
    [36m<div[31m
      [33mclass[31m=[32m"relative w-full"[31m
    [36m>[31m
      [36m<button[31m
        [33mclass[31m=[32m"
          w-full px-4 py-2 text-left bg-gray-100 dark:bg-gray-700
          text-gray-900 dark:text-white rounded-md border border-gray-300
          dark:border-gray-600 transition-colors duration-200
          hover:bg-gray-200 dark:hover:bg-gray-600
          flex justify-between items-center
        "[31m
      [36m>[31m
        [36m<span>[31m
          [0mSelect[0m
        [36m</span>[31m
        [36m<svg[31m
          [33mclass[31m=[32m"w-4 h-4 transition-transform "[31m
          [33mfill[31m=[32m"none"[31m
          [33mstroke[31m=[32m"currentColor"[31m
          [33mviewBox[31m=[32m"0 0 24 24"[31m
        [36m>[31m
          [36m<path[31m
            [33md[31m=[32m"M19 14l-7 7m0 0l-7-7m7 7V3"[31m
            [33mstroke-linecap[31m=[32m"round"[31m
            [33mstroke-linejoin[31m=[32m"round"[31m
            [33mstroke-width[31m=[32m"2"[31m
          [36m/>[31m
        [36m</svg>[31m
      [36m</button>[31m
    [36m</div>[31m
  [36m</div>[31m
[36m</body>[31m[39m
[31m   [33mÔØ»[31m src/components/__tests__/Dropdown.test.tsx[2m > [22mDropdown[2m > [22mdisplays selected value[39m
[31m     ÔåÆ Unable to find an element with the display value: Option 1.

Ignored nodes: comments, script, style
[36m<body>[31m
  [36m<div>[31m
    [36m<div[31m
      [33mclass[31m=[32m"relative w-full"[31m
    [36m>[31m
      [36m<button[31m
        [33mclass[31m=[32m"
          w-full px-4 py-2 text-left bg-gray-100 dark:bg-gray-700
          text-gray-900 dark:text-white rounded-md border border-gray-300
          dark:border-gray-600 transition-colors duration-200
          hover:bg-gray-200 dark:hover:bg-gray-600
          flex justify-between items-center
        "[31m
      [36m>[31m
        [36m<span>[31m
          [0mOption 1[0m
        [36m</span>[31m
        [36m<svg[31m
          [33mclass[31m=[32m"w-4 h-4 transition-transform "[31m
          [33mfill[31m=[32m"none"[31m
          [33mstroke[31m=[32m"currentColor"[31m
          [33mviewBox[31m=[32m"0 0 24 24"[31m
        [36m>[31m
          [36m<path[31m
            [33md[31m=[32m"M19 14l-7 7m0 0l-7-7m7 7V3"[31m
            [33mstroke-linecap[31m=[32m"round"[31m
            [33mstroke-linejoin[31m=[32m"round"[31m
            [33mstroke-width[31m=[32m"2"[31m
          [36m/>[31m
        [36m</svg>[31m
      [36m</button>[31m
    [36m</div>[31m
  [36m</div>[31m
[36m</body>[31m[39m
[31m   [33mÔØ»[31m src/components/__tests__/Dropdown.test.tsx[2m > [22mDropdown[2m > [22mfilters options by search[39m
[31m     ÔåÆ Unable to find an element with the placeholder text of: Search

Ignored nodes: comments, script, style
[36m<body>[31m
  [36m<div>[31m
    [36m<div[31m
      [33mclass[31m=[32m"relative w-full"[31m
    [36m>[31m
      [36m<button[31m
        [33mclass[31m=[32m"
          w-full px-4 py-2 text-left bg-gray-100 dark:bg-gray-700
          text-gray-900 dark:text-white rounded-md border border-gray-300
          dark:border-gray-600 transition-colors duration-200
          hover:bg-gray-200 dark:hover:bg-gray-600
          flex justify-between items-center
        "[31m
      [36m>[31m
        [36m<span>[31m
          [0mSearch[0m
        [36m</span>[31m
        [36m<svg[31m
          [33mclass[31m=[32m"w-4 h-4 transition-transform "[31m
          [33mfill[31m=[32m"none"[31m
          [33mstroke[31m=[32m"currentColor"[31m
          [33mviewBox[31m=[32m"0 0 24 24"[31m
        [36m>[31m
          [36m<path[31m
            [33md[31m=[32m"M19 14l-7 7m0 0l-7-7m7 7V3"[31m
            [33mstroke-linecap[31m=[32m"round"[31m
            [33mstroke-linejoin[31m=[32m"round"[31m
            [33mstroke-width[31m=[32m"2"[31m
          [36m/>[31m
        [36m</svg>[31m
      [36m</button>[31m
    [36m</div>[31m
  [36m</div>[31m
[36m</body>[31m[39m
[31m   [33mÔØ»[31m src/components/__tests__/Dropdown.test.tsx[2m > [22mDropdown[2m > [22mdisables when disabled prop is true[39m
[31m     ÔåÆ Unable to find an accessible element with the role "combobox"

Here are the accessible roles:

  button:

  Name "Select an option":
  [36m<button[31m
    [33mclass[31m=[32m"
            w-full px-4 py-2 text-left bg-gray-100 dark:bg-gray-700
            text-gray-900 dark:text-white rounded-md border border-gray-300
            dark:border-gray-600 transition-colors duration-200
            opacity-50 cursor-not-allowed
            flex justify-between items-center
          "[31m
    [33mdisabled[31m=[32m""[31m
  [36m/>[31m

  --------------------------------------------------

Ignored nodes: comments, script, style
[36m<body>[31m
  [36m<div>[31m
    [36m<div[31m
      [33mclass[31m=[32m"relative w-full"[31m
    [36m>[31m
      [36m<button[31m
        [33mclass[31m=[32m"
          w-full px-4 py-2 text-left bg-gray-100 dark:bg-gray-700
          text-gray-900 dark:text-white rounded-md border border-gray-300
          dark:border-gray-600 transition-colors duration-200
          opacity-50 cursor-not-allowed
          flex justify-between items-center
        "[31m
        [33mdisabled[31m=[32m""[31m
      [36m>[31m
        [36m<span>[31m
          [0mSelect an option[0m
        [36m</span>[31m
        [36m<svg[31m
          [33mclass[31m=[32m"w-4 h-4 transition-transform "[31m
          [33mfill[31m=[32m"none"[31m
          [33mstroke[31m=[32m"currentColor"[31m
          [33mviewBox[31m=[32m"0 0 24 24"[31m
        [36m>[31m
          [36m<path[31m
            [33md[31m=[32m"M19 14l-7 7m0 0l-7-7m7 7V3"[31m
            [33mstroke-linecap[31m=[32m"round"[31m
            [33mstroke-linejoin[31m=[32m"round"[31m
            [33mstroke-width[31m=[32m"2"[31m
          [36m/>[31m
        [36m</svg>[31m
      [36m</button>[31m
    [36m</div>[31m
  [36m</div>[31m
[36m</body>[31m[39m
 [33mÔØ»[39m src/components/__tests__/Button.test.tsx [2m ([22m[2m8 tests[22m [2m|[22m [31m3 failed[39m[2m)[22m[90m 214[2mms[22m[39m
[31m   [33mÔØ»[31m src/components/__tests__/Button.test.tsx[2m > [22mButton[2m > [22msupports primary variant[39m
[31m     ÔåÆ [2mexpect([22m[31melement[31m[2m).toHaveClass([22m[32m[32m"bg-cyan-600"[32m[31m[2m)[22m

Expected the element to have class:
[32m  bg-cyan-600[31m
Received:
[31m  bg-primary-600 text-white hover:bg-primary-700 disabled:bg-gray-400 px-4 py-2 text-base rounded-md font-medium transition-colors duration-200 disabled:opacity-50 disabled:cursor-not-allowed[31m[39m
[31m   [33mÔØ»[31m src/components/__tests__/Button.test.tsx[2m > [22mButton[2m > [22msupports secondary variant[39m
[31m     ÔåÆ [2mexpect([22m[31melement[31m[2m).toHaveClass([22m[32m[32m"bg-gray-700"[32m[31m[2m)[22m

Expected the element to have class:
[32m  bg-gray-700[31m
Received:
[31m  bg-gray-200 dark:bg-gray-700 text-gray-900 dark:text-white hover:bg-gray-300 dark:hover:bg-gray-600 px-4 py-2 text-base rounded-md font-medium transition-colors duration-200 disabled:opacity-50 disabled:cursor-not-allowed[31m[39m
[31m   [33mÔØ»[31m src/components/__tests__/Button.test.tsx[2m > [22mButton[2m > [22msupports danger variant[39m
[31m     ÔåÆ [2mexpect([22m[31melement[31m[2m).toHaveClass([22m[32m[32m"bg-red-600"[32m[31m[2m)[22m

Expected the element to have class:
[32m  bg-red-600[31m
Received:
[31m  bg-error-600 text-white hover:bg-error-700 disabled:bg-gray-400 px-4 py-2 text-base rounded-md font-medium transition-colors duration-200 disabled:opacity-50 disabled:cursor-not-allowed[31m[39m
 [32mÔ£ô[39m src/components/__tests__/Modal.test.tsx [2m ([22m[2m6 tests[22m[2m)[22m[90m 238[2mms[22m[39m
 [33mÔØ»[39m src/components/__tests__/ToggleSwitch.test.tsx [2m ([22m[2m6 tests[22m [2m|[22m [31m2 failed[39m[2m)[22m[90m 292[2mms[22m[39m
[31m   [33mÔØ»[31m src/components/__tests__/ToggleSwitch.test.tsx[2m > [22mToggleSwitch[2m > [22mrenders with initial unchecked state[39m
[31m     ÔåÆ [2mexpect([22m[31melement[31m[2m).toHaveAttribute([22m[32m[32m"aria-pressed"[32m[31m[2m, [22m[32m[32m"false"[32m[31m[2m) // element.getAttribute("aria-pressed") === "false"[22m

Expected the element to have attribute:
[32m  aria-pressed="false"[31m
Received:
[31m  null[31m[39m
[31m   [33mÔØ»[31m src/components/__tests__/ToggleSwitch.test.tsx[2m > [22mToggleSwitch[2m > [22mrenders with initial checked state[39m
[31m     ÔåÆ [2mexpect([22m[31melement[31m[2m).toHaveAttribute([22m[32m[32m"aria-pressed"[32m[31m[2m, [22m[32m[32m"true"[32m[31m[2m) // element.getAttribute("aria-pressed") === "true"[22m

Expected the element to have attribute:
[32m  aria-pressed="true"[31m
Received:
[31m  null[31m[39m
 [33mÔØ»[39m src/components/__tests__/EffectCard.test.tsx [2m ([22m[2m7 tests[22m [2m|[22m [31m1 failed[39m[2m)[22m[90m 299[2mms[22m[39m
[31m   [33mÔØ»[31m src/components/__tests__/EffectCard.test.tsx[2m > [22mEffectCard[2m > [22mrenders parameter controls[39m
[31m     ÔåÆ Found multiple elements with the text: Level

Here are the matching elements:

Ignored nodes: comments, script, style
[36m<label[31m
  [33mclass[31m=[32m"text-sm font-medium text-gray-700 dark:text-gray-300"[31m
[36m>[31m
  [0mLevel[0m
[36m</label>[31m

Ignored nodes: comments, script, style
[36m<label[31m
  [33mclass[31m=[32m"text-gray-600 dark:text-gray-400 font-medium text-xs"[31m
[36m>[31m
  [0mLevel[0m
[36m</label>[31m

(If this is intentional, then use the `*AllBy*` variant of the query (like `queryAllByText`, `getAllByText`, or `findAllByText`)).

Ignored nodes: comments, script, style
[36m<body>[31m
  [36m<div>[31m
    [36m<div[31m
      [33mclass[31m=[32m"
        rounded-lg border-2 p-4 transition-all duration-200
        border-green-500 bg-green-500/10
        opacity-100
      "[31m
    [36m>[31m
      [36m<div[31m
        [33mclass[31m=[32m"flex items-center justify-between mb-4"[31m
      [36m>[31m
        [36m<div>[31m
          [36m<h3[31m
            [33mclass[31m=[32m"text-lg font-bold text-white"[31m
          [36m>[31m
            [0mGain[0m
          [36m</h3>[31m
          [36m<p[31m
            [33mclass[31m=[32m"text-xs text-gray-400"[31m
          [36m>[31m
            [0mGAIN[0m
          [36m</p>[31m
        [36m</div>[31m
        [36m<div[31m
          [33mclass[31m=[32m"flex items-center gap-2"[31m
        [36m>[31m
          [36m<div[31m
            [33mclass[31m=[32m"flex items-center gap-2"[31m
          [36m>[31m
            [36m<button[31m
              [33mclass[31m=[32m"
          w-12 h-6
          bg-cyan-500
          rounded-full transition-colors duration-200
          disabled:opacity-50 disabled:cursor-not-allowed
          focus:outline-none focus:ring-2 focus:ring-cyan-400
          relative
        "[31m
            [36m>[31m
              [36m<div[31m
                [33mclass[31m=[32m"
            w-5 h-5
            translate-x-6
            bg-white rounded-full
            absolute top-0.5
            transition-transform duration-200
          "[31m
              [36m/>[31m
            [36m</button>[31m
          [36m</div>[31m
        [36m</div>[31m
      [36m</div>[31m
      [36m<div[31m
        [33mclass[31m=[32m"grid grid-cols-2 gap-4"[31m
      [36m>[31m
        [36m<div[31m
          [33mclass[31m=[32m"flex flex-col items-center gap-2"[31m
        [36m>[31m
          [36m<div[31m
            [33mclass[31m=[32m"flex flex-col items-center gap-2"[31m
          [36m>[31m
            [36m<canvas[31m
              [33mclass[31m=[32m"cursor-grab active:cursor-grabbing rounded-full"[31m
              [33mheight[31m=[32m"60"[31m
              [33mwidth[31m=[32m"60"[31m
            [36m/>[31m
            [36m<label[31m
              [33mclass[31m=[32m"text-sm font-medium text-gray-700 dark:text-gray-300"[31m
            [36m>[31m
              [0mLevel[0m
            [36m</label>[31m
            [36m<span[31m
              [33mclass[31m=[32m"text-xs text-gray-600 dark:text-gray-400"[31m
            [36m>[31m
              [0m0.00[0m
            [36m</span>[31m
          [36m</div>[31m
          [36m<div[31m
            [33mclass[31m=[32m"flex flex-col gap-1"[31m
          [36m>[31m
            [36m<label[31m
              [33mclass[31m=[32m"text-gray-600 dark:text-gray-400 font-medium text-xs"[31m
            [36m>[31m
              [0mLevel[0m
            [36m</label>[31m
            [36m<div[31m
              [33mclass[31m=[32m"text-gray-900 dark:text-white font-semibold text-sm flex items-baseline gap-1"[31m
            [36m>[31m
              [36m<span>[31m
                [0m0.0[0m
              [36m</span>[31m
              [36m<span[31m
                [33mclass[31m=[32m"text-xs opacity-75"[31m
              [36m>[31m
                [0mdB[0m
              [36m</span>[31m
            [36m</div>[31m
          [36m</div>[31m
        [36m</div>[31m
      [36m</div>[31m
    [36m</div>[31m
  [36m</div>[31m
[36m</body>[31m[39m
 [32mÔ£ô[39m src/components/__tests__/AddEffectModal.test.tsx [2m ([22m[2m6 tests[22m[2m)[22m[33m 311[2mms[22m[39m
 [32mÔ£ô[39m src/__tests__/hooks/useTheme.test.ts [2m ([22m[2m6 tests[22m[2m)[22m[90m 22[2mms[22m[39m

ÔÄ»ÔÄ»ÔÄ»ÔÄ»ÔÄ»ÔÄ» Failed Tests 12 ÔÄ»ÔÄ»ÔÄ»ÔÄ»ÔÄ»ÔÄ»ÔÄ»

 FAIL  src/components/__tests__/Button.test.tsx > Button > supports primary variant
Error: expect(element).toHaveClass("bg-cyan-600")

Expected the element to have class:
  bg-cyan-600
Received:
  bg-primary-600 text-white hover:bg-primary-700 disabled:bg-gray-400 px-4 py-2 text-base rounded-md font-medium transition-colors duration-200 disabled:opacity-50 disabled:cursor-not-allowed
 ÔØ» src/components/__tests__/Button.test.tsx:23:20
     21|     render(<Button variant="primary">Primary</Button>);
     22|     const button = screen.getByText('Primary');
     23|     expect(button).toHaveClass('bg-cyan-600');
       |                    ^
     24|   });
     25| 

ÔÄ»ÔÄ»ÔÄ»ÔÄ»ÔÄ»ÔÄ»ÔÄ»ÔÄ»ÔÄ»ÔÄ»ÔÄ»ÔÄ»ÔÄ»ÔÄ»ÔÄ»ÔÄ»ÔÄ»ÔÄ»ÔÄ»ÔÄ»ÔÄ»ÔÄ»ÔÄ»[1/12]ÔÄ»

 FAIL  src/components/__tests__/Button.test.tsx > Button > supports secondary variant
Error: expect(element).toHaveClass("bg-gray-700")

Expected the element to have class:
  bg-gray-700
Received:
  bg-gray-200 dark:bg-gray-700 text-gray-900 dark:text-white hover:bg-gray-300 dark:hover:bg-gray-600 px-4 py-2 text-base rounded-md font-medium transition-colors duration-200 disabled:opacity-50 disabled:cursor-not-allowed
 ÔØ» src/components/__tests__/Button.test.tsx:29:20
     27|     render(<Button variant="secondary">Secondary</Button>);
     28|     const button = screen.getByText('Secondary');
     29|     expect(button).toHaveClass('bg-gray-700');
       |                    ^
     30|   });
     31| 

ÔÄ»ÔÄ»ÔÄ»ÔÄ»ÔÄ»ÔÄ»ÔÄ»ÔÄ»ÔÄ»ÔÄ»ÔÄ»ÔÄ»ÔÄ»ÔÄ»ÔÄ»ÔÄ»ÔÄ»ÔÄ»ÔÄ»ÔÄ»ÔÄ»ÔÄ»ÔÄ»[2/12]ÔÄ»

 FAIL  src/components/__tests__/Button.test.tsx > Button > supports danger variant
Error: expect(element).toHaveClass("bg-red-600")

Expected the element to have class:
  bg-red-600
Received:
  bg-error-600 text-white hover:bg-error-700 disabled:bg-gray-400 px-4 py-2 text-base rounded-md font-medium transition-colors duration-200 disabled:opacity-50 disabled:cursor-not-allowed
 ÔØ» src/components/__tests__/Button.test.tsx:35:20
     33|     render(<Button variant="danger">Delete</Button>);
     34|     const button = screen.getByText('Delete');
     35|     expect(button).toHaveClass('bg-red-600');
       |                    ^
     36|   });
     37| 

ÔÄ»ÔÄ»ÔÄ»ÔÄ»ÔÄ»ÔÄ»ÔÄ»ÔÄ»ÔÄ»ÔÄ»ÔÄ»ÔÄ»ÔÄ»ÔÄ»ÔÄ»ÔÄ»ÔÄ»ÔÄ»ÔÄ»ÔÄ»ÔÄ»ÔÄ»ÔÄ»[3/12]ÔÄ»

 FAIL  src/components/__tests__/Dropdown.test.tsx > Dropdown > renders with placeholder
TestingLibraryElementError: Unable to find an element with the placeholder text of: Select an option

Ignored nodes: comments, script, style
<body>
  <div>
    <div
      class="relative w-full"
    >
      <button
        class="
          w-full px-4 py-2 text-left bg-gray-100 dark:bg-gray-700
          text-gray-900 dark:text-white rounded-md border border-gray-300
          dark:border-gray-600 transition-colors duration-200
          hover:bg-gray-200 dark:hover:bg-gray-600
          flex justify-between items-center
        "
      >
        <span>
          Select an option
        </span>
        <svg
          class="w-4 h-4 transition-transform "
          fill="none"
          stroke="currentColor"
          viewBox="0 0 24 24"
        >
          <path
            d="M19 14l-7 7m0 0l-7-7m7 7V3"
            stroke-linecap="round"
            stroke-linejoin="round"
            stroke-width="2"
          />
        </svg>
      </button>
    </div>
  </div>
</body>
 ÔØ» Object.getElementError node_modules/@testing-library/react/node_modules/@testing-library/dom/dist/config.js:37:19
 ÔØ» node_modules/@testing-library/react/node_modules/@testing-library/dom/dist/query-helpers.js:76:38
 ÔØ» node_modules/@testing-library/react/node_modules/@testing-library/dom/dist/query-helpers.js:52:17
 ÔØ» node_modules/@testing-library/react/node_modules/@testing-library/dom/dist/query-helpers.js:95:19
 ÔØ» src/components/__tests__/Dropdown.test.tsx:22:19
     20|       />
     21|     );
     22|     expect(screen.getByPlaceholderText('Select an option')).toBeInTheDÔÇª
       |                   ^
     23|   });
     24| 

ÔÄ»ÔÄ»ÔÄ»ÔÄ»ÔÄ»ÔÄ»ÔÄ»ÔÄ»ÔÄ»ÔÄ»ÔÄ»ÔÄ»ÔÄ»ÔÄ»ÔÄ»ÔÄ»ÔÄ»ÔÄ»ÔÄ»ÔÄ»ÔÄ»ÔÄ»ÔÄ»[4/12]ÔÄ»

 FAIL  src/components/__tests__/Dropdown.test.tsx > Dropdown > opens dropdown on click
TestingLibraryElementError: Unable to find an element with the placeholder text of: Select

Ignored nodes: comments, script, style
<body>
  <div>
    <div
      class="relative w-full"
    >
      <button
        class="
          w-full px-4 py-2 text-left bg-gray-100 dark:bg-gray-700
          text-gray-900 dark:text-white rounded-md border border-gray-300
          dark:border-gray-600 transition-colors duration-200
          hover:bg-gray-200 dark:hover:bg-gray-600
          flex justify-between items-center
        "
      >
        <span>
          Select
        </span>
        <svg
          class="w-4 h-4 transition-transform "
          fill="none"
          stroke="currentColor"
          viewBox="0 0 24 24"
        >
          <path
            d="M19 14l-7 7m0 0l-7-7m7 7V3"
            stroke-linecap="round"
            stroke-linejoin="round"
            stroke-width="2"
          />
        </svg>
      </button>
    </div>
  </div>
</body>
 ÔØ» Object.getElementError node_modules/@testing-library/react/node_modules/@testing-library/dom/dist/config.js:37:19
 ÔØ» node_modules/@testing-library/react/node_modules/@testing-library/dom/dist/query-helpers.js:76:38
 ÔØ» node_modules/@testing-library/react/node_modules/@testing-library/dom/dist/query-helpers.js:52:17
 ÔØ» node_modules/@testing-library/react/node_modules/@testing-library/dom/dist/query-helpers.js:95:19
 ÔØ» src/components/__tests__/Dropdown.test.tsx:35:26
     33|     );
     34|     
     35|     const input = screen.getByPlaceholderText('Select');
       |                          ^
     36|     await userEvent.click(input);
     37|     

ÔÄ»ÔÄ»ÔÄ»ÔÄ»ÔÄ»ÔÄ»ÔÄ»ÔÄ»ÔÄ»ÔÄ»ÔÄ»ÔÄ»ÔÄ»ÔÄ»ÔÄ»ÔÄ»ÔÄ»ÔÄ»ÔÄ»ÔÄ»ÔÄ»ÔÄ»ÔÄ»[5/12]ÔÄ»

 FAIL  src/components/__tests__/Dropdown.test.tsx > Dropdown > calls onChange with selected value
TestingLibraryElementError: Unable to find an element with the placeholder text of: Select

Ignored nodes: comments, script, style
<body>
  <div>
    <div
      class="relative w-full"
    >
      <button
        class="
          w-full px-4 py-2 text-left bg-gray-100 dark:bg-gray-700
          text-gray-900 dark:text-white rounded-md border border-gray-300
          dark:border-gray-600 transition-colors duration-200
          hover:bg-gray-200 dark:hover:bg-gray-600
          flex justify-between items-center
        "
      >
        <span>
          Select
        </span>
        <svg
          class="w-4 h-4 transition-transform "
          fill="none"
          stroke="currentColor"
          viewBox="0 0 24 24"
        >
          <path
            d="M19 14l-7 7m0 0l-7-7m7 7V3"
            stroke-linecap="round"
            stroke-linejoin="round"
            stroke-width="2"
          />
        </svg>
      </button>
    </div>
  </div>
</body>
 ÔØ» Object.getElementError node_modules/@testing-library/react/node_modules/@testing-library/dom/dist/config.js:37:19
 ÔØ» node_modules/@testing-library/react/node_modules/@testing-library/dom/dist/query-helpers.js:76:38
 ÔØ» node_modules/@testing-library/react/node_modules/@testing-library/dom/dist/query-helpers.js:52:17
 ÔØ» node_modules/@testing-library/react/node_modules/@testing-library/dom/dist/query-helpers.js:95:19
 ÔØ» src/components/__tests__/Dropdown.test.tsx:52:26
     50|     );
     51|     
     52|     const input = screen.getByPlaceholderText('Select');
       |                          ^
     53|     await userEvent.click(input);
     54|     

ÔÄ»ÔÄ»ÔÄ»ÔÄ»ÔÄ»ÔÄ»ÔÄ»ÔÄ»ÔÄ»ÔÄ»ÔÄ»ÔÄ»ÔÄ»ÔÄ»ÔÄ»ÔÄ»ÔÄ»ÔÄ»ÔÄ»ÔÄ»ÔÄ»ÔÄ»ÔÄ»[6/12]ÔÄ»

 FAIL  src/components/__tests__/Dropdown.test.tsx > Dropdown > displays selected value
TestingLibraryElementError: Unable to find an element with the display value: Option 1.

Ignored nodes: comments, script, style
<body>
  <div>
    <div
      class="relative w-full"
    >
      <button
        class="
          w-full px-4 py-2 text-left bg-gray-100 dark:bg-gray-700
          text-gray-900 dark:text-white rounded-md border border-gray-300
          dark:border-gray-600 transition-colors duration-200
          hover:bg-gray-200 dark:hover:bg-gray-600
          flex justify-between items-center
        "
      >
        <span>
          Option 1
        </span>
        <svg
          class="w-4 h-4 transition-transform "
          fill="none"
          stroke="currentColor"
          viewBox="0 0 24 24"
        >
          <path
            d="M19 14l-7 7m0 0l-7-7m7 7V3"
            stroke-linecap="round"
            stroke-linejoin="round"
            stroke-width="2"
          />
        </svg>
      </button>
    </div>
  </div>
</body>
 ÔØ» Object.getElementError node_modules/@testing-library/react/node_modules/@testing-library/dom/dist/config.js:37:19
 ÔØ» node_modules/@testing-library/react/node_modules/@testing-library/dom/dist/query-helpers.js:76:38
 ÔØ» node_modules/@testing-library/react/node_modules/@testing-library/dom/dist/query-helpers.js:52:17
 ÔØ» node_modules/@testing-library/react/node_modules/@testing-library/dom/dist/query-helpers.js:95:19
 ÔØ» src/components/__tests__/Dropdown.test.tsx:69:19
     67|       />
     68|     );
     69|     expect(screen.getByDisplayValue('Option 1')).toBeInTheDocument();
       |                   ^
     70|   });
     71| 

ÔÄ»ÔÄ»ÔÄ»ÔÄ»ÔÄ»ÔÄ»ÔÄ»ÔÄ»ÔÄ»ÔÄ»ÔÄ»ÔÄ»ÔÄ»ÔÄ»ÔÄ»ÔÄ»ÔÄ»ÔÄ»ÔÄ»ÔÄ»ÔÄ»ÔÄ»ÔÄ»[7/12]ÔÄ»

 FAIL  src/components/__tests__/Dropdown.test.tsx > Dropdown > filters options by search
TestingLibraryElementError: Unable to find an element with the placeholder text of: Search

Ignored nodes: comments, script, style
<body>
  <div>
    <div
      class="relative w-full"
    >
      <button
        class="
          w-full px-4 py-2 text-left bg-gray-100 dark:bg-gray-700
          text-gray-900 dark:text-white rounded-md border border-gray-300
          dark:border-gray-600 transition-colors duration-200
          hover:bg-gray-200 dark:hover:bg-gray-600
          flex justify-between items-center
        "
      >
        <span>
          Search
        </span>
        <svg
          class="w-4 h-4 transition-transform "
          fill="none"
          stroke="currentColor"
          viewBox="0 0 24 24"
        >
          <path
            d="M19 14l-7 7m0 0l-7-7m7 7V3"
            stroke-linecap="round"
            stroke-linejoin="round"
            stroke-width="2"
          />
        </svg>
      </button>
    </div>
  </div>
</body>
 ÔØ» Object.getElementError node_modules/@testing-library/react/node_modules/@testing-library/dom/dist/config.js:37:19
 ÔØ» node_modules/@testing-library/react/node_modules/@testing-library/dom/dist/query-helpers.js:76:38
 ÔØ» node_modules/@testing-library/react/node_modules/@testing-library/dom/dist/query-helpers.js:52:17
 ÔØ» node_modules/@testing-library/react/node_modules/@testing-library/dom/dist/query-helpers.js:95:19
 ÔØ» src/components/__tests__/Dropdown.test.tsx:82:26
     80|     );
     81|     
     82|     const input = screen.getByPlaceholderText('Search') as HTMLInputElÔÇª
       |                          ^
     83|     await userEvent.click(input);
     84|     await userEvent.type(input, 'Option 2');

ÔÄ»ÔÄ»ÔÄ»ÔÄ»ÔÄ»ÔÄ»ÔÄ»ÔÄ»ÔÄ»ÔÄ»ÔÄ»ÔÄ»ÔÄ»ÔÄ»ÔÄ»ÔÄ»ÔÄ»ÔÄ»ÔÄ»ÔÄ»ÔÄ»ÔÄ»ÔÄ»[8/12]ÔÄ»

 FAIL  src/components/__tests__/Dropdown.test.tsx > Dropdown > disables when disabled prop is true
TestingLibraryElementError: Unable to find an accessible element with the role "combobox"

Here are the accessible roles:

  button:

  Name "Select an option":
  <button
    class="
            w-full px-4 py-2 text-left bg-gray-100 dark:bg-gray-700
            text-gray-900 dark:text-white rounded-md border border-gray-300
            dark:border-gray-600 transition-colors duration-200
            opacity-50 cursor-not-allowed
            flex justify-between items-center
          "
    disabled=""
  />

  --------------------------------------------------

Ignored nodes: comments, script, style
<body>
  <div>
    <div
      class="relative w-full"
    >
      <button
        class="
          w-full px-4 py-2 text-left bg-gray-100 dark:bg-gray-700
          text-gray-900 dark:text-white rounded-md border border-gray-300
          dark:border-gray-600 transition-colors duration-200
          opacity-50 cursor-not-allowed
          flex justify-between items-center
        "
        disabled=""
      >
        <span>
          Select an option
        </span>
        <svg
          class="w-4 h-4 transition-transform "
          fill="none"
          stroke="currentColor"
          viewBox="0 0 24 24"
        >
          <path
            d="M19 14l-7 7m0 0l-7-7m7 7V3"
            stroke-linecap="round"
            stroke-linejoin="round"
            stroke-width="2"
          />
        </svg>
      </button>
    </div>
  </div>
</body>
 ÔØ» Object.getElementError node_modules/@testing-library/react/node_modules/@testing-library/dom/dist/config.js:37:19
 ÔØ» node_modules/@testing-library/react/node_modules/@testing-library/dom/dist/query-helpers.js:76:38
 ÔØ» node_modules/@testing-library/react/node_modules/@testing-library/dom/dist/query-helpers.js:52:17
 ÔØ» node_modules/@testing-library/react/node_modules/@testing-library/dom/dist/query-helpers.js:95:19
 ÔØ» src/components/__tests__/Dropdown.test.tsx:101:26
     99|     );
    100|     
    101|     const input = screen.getByRole('combobox');
       |                          ^
    102|     expect(input).toBeDisabled();
    103|   });

ÔÄ»ÔÄ»ÔÄ»ÔÄ»ÔÄ»ÔÄ»ÔÄ»ÔÄ»ÔÄ»ÔÄ»ÔÄ»ÔÄ»ÔÄ»ÔÄ»ÔÄ»ÔÄ»ÔÄ»ÔÄ»ÔÄ»ÔÄ»ÔÄ»ÔÄ»ÔÄ»[9/12]ÔÄ»

 FAIL  src/components/__tests__/EffectCard.test.tsx > EffectCard > renders parameter controls
TestingLibraryElementError: Found multiple elements with the text: Level

Here are the matching elements:

Ignored nodes: comments, script, style
<label
  class="text-sm font-medium text-gray-700 dark:text-gray-300"
>
  Level
</label>

Ignored nodes: comments, script, style
<label
  class="text-gray-600 dark:text-gray-400 font-medium text-xs"
>
  Level
</label>

(If this is intentional, then use the `*AllBy*` variant of the query (like `queryAllByText`, `getAllByText`, or `findAllByText`)).

Ignored nodes: comments, script, style
<body>
  <div>
    <div
      class="
        rounded-lg border-2 p-4 transition-all duration-200
        border-green-500 bg-green-500/10
        opacity-100
      "
    >
      <div
        class="flex items-center justify-between mb-4"
      >
        <div>
          <h3
            class="text-lg font-bold text-white"
          >
            Gain
          </h3>
          <p
            class="text-xs text-gray-400"
          >
            GAIN
          </p>
        </div>
        <div
          class="flex items-center gap-2"
        >
          <div
            class="flex items-center gap-2"
          >
            <button
              class="
          w-12 h-6
          bg-cyan-500
          rounded-full transition-colors duration-200
          disabled:opacity-50 disabled:cursor-not-allowed
          focus:outline-none focus:ring-2 focus:ring-cyan-400
          relative
        "
            >
              <div
                class="
            w-5 h-5
            translate-x-6
            bg-white rounded-full
            absolute top-0.5
            transition-transform duration-200
          "
              />
            </button>
          </div>
        </div>
      </div>
      <div
        class="grid grid-cols-2 gap-4"
      >
        <div
          class="flex flex-col items-center gap-2"
        >
          <div
            class="flex flex-col items-center gap-2"
          >
            <canvas
              class="cursor-grab active:cursor-grabbing rounded-full"
              height="60"
              width="60"
            />
            <label
              class="text-sm font-medium text-gray-700 dark:text-gray-300"
            >
              Level
            </label>
            <span
              class="text-xs text-gray-600 dark:text-gray-400"
            >
              0.00
            </span>
          </div>
          <div
            class="flex flex-col gap-1"
          >
            <label
              class="text-gray-600 dark:text-gray-400 font-medium text-xs"
            >
              Level
            </label>
            <div
              class="text-gray-900 dark:text-white font-semibold text-sm flex items-baseline gap-1"
            >
              <span>
                0.0
              </span>
              <span
                class="text-xs opacity-75"
              >
                dB
              </span>
            </div>
          </div>
        </div>
      </div>
    </div>
  </div>
</body>
 ÔØ» Object.getElementError node_modules/@testing-library/react/node_modules/@testing-library/dom/dist/config.js:37:19
 ÔØ» getElementError node_modules/@testing-library/react/node_modules/@testing-library/dom/dist/query-helpers.js:20:35
 ÔØ» getMultipleElementsFoundError node_modules/@testing-library/react/node_modules/@testing-library/dom/dist/query-helpers.js:23:10
 ÔØ» node_modules/@testing-library/react/node_modules/@testing-library/dom/dist/query-helpers.js:55:13
 ÔØ» node_modules/@testing-library/react/node_modules/@testing-library/dom/dist/query-helpers.js:95:19
 ÔØ» src/components/__tests__/EffectCard.test.tsx:86:19
     84|       />
     85|     );
     86|     expect(screen.getByText('Level')).toBeInTheDocument();
       |                   ^
     87|   });
     88| 

ÔÄ»ÔÄ»ÔÄ»ÔÄ»ÔÄ»ÔÄ»ÔÄ»ÔÄ»ÔÄ»ÔÄ»ÔÄ»ÔÄ»ÔÄ»ÔÄ»ÔÄ»ÔÄ»ÔÄ»ÔÄ»ÔÄ»ÔÄ»ÔÄ»ÔÄ»[10/12]ÔÄ»

 FAIL  src/components/__tests__/ToggleSwitch.test.tsx > ToggleSwitch > renders with initial unchecked state
Error: expect(element).toHaveAttribute("aria-pressed", "false") // element.getAttribute("aria-pressed") === "false"

Expected the element to have attribute:
  aria-pressed="false"
Received:
  null
 ÔØ» src/components/__tests__/ToggleSwitch.test.tsx:10:20
      8|     render(<ToggleSwitch checked={false} onChange={vi.fn()} />);
      9|     const button = screen.getByRole('button');
     10|     expect(button).toHaveAttribute('aria-pressed', 'false');
       |                    ^
     11|   });
     12| 

ÔÄ»ÔÄ»ÔÄ»ÔÄ»ÔÄ»ÔÄ»ÔÄ»ÔÄ»ÔÄ»ÔÄ»ÔÄ»ÔÄ»ÔÄ»ÔÄ»ÔÄ»ÔÄ»ÔÄ»ÔÄ»ÔÄ»ÔÄ»ÔÄ»ÔÄ»[11/12]ÔÄ»

 FAIL  src/components/__tests__/ToggleSwitch.test.tsx > ToggleSwitch > renders with initial checked state
Error: expect(element).toHaveAttribute("aria-pressed", "true") // element.getAttribute("aria-pressed") === "true"

Expected the element to have attribute:
  aria-pressed="true"
Received:
  null
 ÔØ» src/components/__tests__/ToggleSwitch.test.tsx:16:20
     14|     render(<ToggleSwitch checked={true} onChange={vi.fn()} />);
     15|     const button = screen.getByRole('button');
     16|     expect(button).toHaveAttribute('aria-pressed', 'true');
       |                    ^
     17|   });
     18| 

ÔÄ»ÔÄ»ÔÄ»ÔÄ»ÔÄ»ÔÄ»ÔÄ»ÔÄ»ÔÄ»ÔÄ»ÔÄ»ÔÄ»ÔÄ»ÔÄ»ÔÄ»ÔÄ»ÔÄ»ÔÄ»ÔÄ»ÔÄ»ÔÄ»ÔÄ»[12/12]ÔÄ»

[2m Test Files [22m [1m[31m4 failed[39m[22m[2m | [22m[1m[32m3 passed[39m[22m[90m (7)[39m
[2m      Tests [22m [1m[31m12 failed[39m[22m[2m | [22m[1m[32m33 passed[39m[22m[90m (45)[39m
[2m   Start at [22m 03:30:07
[2m   Duration [22m 4.76s[2m (transform 415ms, setup 1.30s, collect 3.67s, tests 1.58s, environment 9.38s, prepare 1.06s)[22m


[1m[7m[31m FAIL [39m[27m[22m[31m Tests failed. Watching for file changes...[39m
       [2mpress [22m[1mh[22m[2m to show help[22m[2m, [22m[2mpress [22m[1mq[22m[2m to quit[22m
